// Jest Snapshot v1, https://goo.gl/fbAQLP

exports[`Test Starship 1`] = `
<section>
  <h1>
    X-wing
  </h1>
  <article>
    <div
      className="images"
    >
      <div
        className="images-item"
      >
        <span
          className="remove-image"
          onClick={[Function]}
        >
          ‚ùå
        </span>
        <img
          alt="X-wing"
          className="images-item-image"
          src="undefined/images/eae03a93.jpeg"
          title="X-wing"
        />
      </div>
    </div>
    <form
      className="add-image-form"
    >
      <div
        className="add-image-form-items"
      >
        <div
          className="add-image-form-item"
        >
          <div
            className="add-image-form-item-inputs"
          >
            <label
              htmlFor="title"
            >
              title
            </label>
            <input
              id="title"
              name="title"
              onChange={[Function]}
              type="text"
              value=""
            />
          </div>
          <div
            className="add-image-form-error"
          />
        </div>
        <div
          className="add-image-form-item"
        >
          <div
            className="add-image-form-item-inputs"
          >
            <label
              htmlFor="description"
            >
              description
            </label>
            <input
              id="description"
              name="description"
              onChange={[Function]}
              type="text"
              value=""
            />
          </div>
          <div
            className="add-image-form-error"
          />
        </div>
        <div
          className="add-image-form-item"
        >
          <div
            className="add-image-form-item-inputs"
          >
            <label
              htmlFor="image"
            >
              image
            </label>
            <input
              accept="image/png, image/jpeg, image/jpg"
              id="image"
              type="file"
            />
          </div>
          <div
            className="add-image-form-error"
          />
        </div>
        <button
          onClick={[Function]}
          type="submit"
        >
          add
        </button>
      </div>
      <div />
    </form>
    <div
      className="object_descriptions"
    >
      <div
        className="properties"
      >
        <h2
          className="properties-title"
        >
          properties
        </h2>
        <ul
          className="properties-attributes"
        >
          <li
            className="peer"
          >
            <div
              className="propertie-label"
            >
              model
            </div>
            <div
              className="propertie-value-unit"
            >
              <div
                className="propertie-value"
              >
                T-65 X-wing
              </div>
              
            </div>
          </li>
          <li
            className="odd"
          >
            <div
              className="propertie-label"
            >
              starship.class
            </div>
            <div
              className="propertie-value-unit"
            >
              <div
                className="propertie-value"
              >
                Starfighter
              </div>
              
            </div>
          </li>
          <li
            className="peer"
          >
            <div
              className="propertie-label"
            >
              manufacturers
            </div>
            <div
              className="propertie-value-unit"
            >
              <div
                className="propertie-value"
              >
                <ul
                  className="propertie-value-array"
                >
                  <li
                    className="propertie-value-array-item peer"
                  >
                    Incom Corporation
                  </li>
                </ul>
              </div>
              
            </div>
          </li>
          <li
            className="odd"
          >
            <div
              className="propertie-label"
            >
              cost.in.credits
            </div>
            <div
              className="propertie-value-unit"
            >
              <div
                className="propertie-value"
              >
                149999
              </div>
              <div
                className="properties-unit"
              >
                credits
              </div>
            </div>
          </li>
          <li
            className="peer"
          >
            <div
              className="propertie-label"
            >
              length
            </div>
            <div
              className="propertie-value-unit"
            >
              <div
                className="propertie-value"
              >
                12.5
              </div>
              <div
                className="properties-unit"
              >
                m
              </div>
            </div>
          </li>
          <li
            className="odd helper"
            title="crew.helper"
          >
            <div
              className="propertie-label"
            >
              crew
            </div>
            <div
              className="propertie-value-unit"
            >
              <div
                className="propertie-value"
              >
                1
              </div>
              
            </div>
          </li>
          <li
            className="peer helper"
            title="passengers.helper"
          >
            <div
              className="propertie-label"
            >
              passengers
            </div>
            <div
              className="propertie-value-unit"
            >
              <div
                className="propertie-value"
              >
                0
              </div>
              
            </div>
          </li>
          <li
            className="odd helper"
            title="max.atmosphering.speed.helper"
          >
            <div
              className="propertie-label"
            >
              max.atmosphering.speed
            </div>
            <div
              className="propertie-value-unit"
            >
              <div
                className="propertie-value"
              >
                1050
              </div>
              
            </div>
          </li>
          <li
            className="peer helper"
            title="hyperdrive.rating.helper"
          >
            <div
              className="propertie-label"
            >
              hyperdrive.rating
            </div>
            <div
              className="propertie-value-unit"
            >
              <div
                className="propertie-value"
              >
                1
              </div>
              
            </div>
          </li>
          <li
            className="odd helper"
            title="mglt.helper"
          >
            <div
              className="propertie-label"
            >
              mglt
            </div>
            <div
              className="propertie-value-unit"
            >
              <div
                className="propertie-value"
              >
                100
              </div>
              
            </div>
          </li>
          <li
            className="peer"
          >
            <div
              className="propertie-label"
            >
              cargo.capacity
            </div>
            <div
              className="propertie-value-unit"
            >
              <div
                className="propertie-value"
              >
                110
              </div>
              <div
                className="properties-unit"
              >
                kg
              </div>
            </div>
          </li>
          <li
            className="odd helper"
            title="consumables.helper"
          >
            <div
              className="propertie-label"
            >
              consumables
            </div>
            <div
              className="propertie-value-unit"
            >
              <div
                className="propertie-value"
              >
                1 week
              </div>
              
            </div>
          </li>
        </ul>
      </div>
      <div
        className="link-object"
      >
        <h2
          className="link-object-title"
        >
          pilots
        </h2>
         
        <ul
          className="link-object-list"
        >
          <li>
            <a
              className="link"
              href="/person/cGVvcGxlOjE="
              onClick={[Function]}
            >
              <span
                className="link-object-item"
              >
                <span>
                  Luke Skywalker
                </span>
                <span>
                  <img
                    alt="luke skywalker"
                    src="undefined/images/78092401.jpeg"
                    title="luke skywalker"
                  />
                </span>
              </span>
            </a>
          </li>
          <li>
            <a
              className="link"
              href="/person/cGVvcGxlOjk="
              onClick={[Function]}
            >
              <span
                className="link-object-item"
              >
                <span>
                  Biggs Darklighter
                </span>
                <span>
                  <img
                    alt="Biggs Darklighter"
                    src="undefined/images/cc018650.jpeg"
                    title="Biggs Darklighter"
                  />
                </span>
              </span>
            </a>
          </li>
          <li>
            <a
              className="link"
              href="/person/cGVvcGxlOjE4"
              onClick={[Function]}
            >
              <span
                className="link-object-item"
              >
                <span>
                  Wedge Antilles
                </span>
                <span
                  className="link-object-item-not-image"
                >
                  Any images define
                </span>
              </span>
            </a>
          </li>
          <li>
            <a
              className="link"
              href="/person/cGVvcGxlOjE5"
              onClick={[Function]}
            >
              <span
                className="link-object-item"
              >
                <span>
                  Jek Tono Porkins
                </span>
                <span
                  className="link-object-item-not-image"
                >
                  Any images define
                </span>
              </span>
            </a>
          </li>
        </ul>
      </div>
    </div>
  </article>
</section>
`;

exports[`Test Starship error 1`] = `
<div>
  Une erreur inconnue s'est produite 
  : Network error: Une erreur :-)
</div>
`;

exports[`Test Starship loading 1`] = `
<div
  className="object_loading"
>
  
</div>
`;
